Test_Height_List 13 10